// Jest Snapshot v1, https://goo.gl/fbAQLP

exports[`Button 1`] = `
<div>
  <div>
    123123
  </div>
</div>
`;
